Analyzing websiteee...                                          

warning - Duplicate import - lib\main.dart:4:8 - duplicate_import
   info - 'background' is deprecated and shouldn't be used. Use surface instead. This feature was deprecated after v3.18.0-0.1.pre - lib\main.dart:60:13 - deprecated_member_use
   info - 'describeEnum' is deprecated and shouldn't be used. Use the `name` getter on enums instead. This feature was deprecated after v3.14.0-2.0.pre - lib\models\task.dart:81:19 - deprecated_member_use
   info - 'describeEnum' is deprecated and shouldn't be used. Use the `name` getter on enums instead. This feature was deprecated after v3.14.0-2.0.pre - lib\models\task.dart:82:34 - deprecated_member_use
   info - 'describeEnum' is deprecated and shouldn't be used. Use the `name` getter on enums instead. This feature was deprecated after v3.14.0-2.0.pre - lib\models\task.dart:83:16 - deprecated_member_use
  error - The returned type 'SplashScreen' isn't returnable from a 'Widget' function, as required by the closure's context - lib\nav.dart:14:38 - return_of_invalid_type_from_closure
warning - The declaration '_EnergyRadio' isn't referenced - lib\screens\add_task_screen.dart:244:7 - unused_element
   info - 'withOpacity' is deprecated and shouldn't be used. Use .withValues() to avoid precision loss - lib\screens\main_screen.dart:67:58 - deprecated_member_use
   info - 'withOpacity' is deprecated and shouldn't be used. Use .withValues() to avoid precision loss - lib\screens\main_screen.dart:98:47 - deprecated_member_use
   info - Use 'const' with the constructor to improve performance - lib\screens\main_screen.dart:101:34 - prefer_const_constructors
   info - Use 'const' literals as arguments to constructors of '@immutable' classes - lib\screens\main_screen.dart:102:39 - prefer_const_literals_to_create_immutables
   info - Use 'const' with the constructor to improve performance - lib\screens\main_screen.dart:105:31 - prefer_const_constructors
   info - Use 'const' with the constructor to improve performance - lib\screens\main_screen.dart:106:42 - prefer_const_constructors
   info - 'withOpacity' is deprecated and shouldn't be used. Use .withValues() to avoid precision loss - lib\screens\main_screen.dart:111:48 - deprecated_member_use
   info - Use 'const' with the constructor to improve performance - lib\screens\main_screen.dart:114:34 - prefer_const_constructors
   info - Use 'const' literals as arguments to constructors of '@immutable' classes - lib\screens\main_screen.dart:116:39 - prefer_const_literals_to_create_immutables
   info - Use 'const' with the constructor to improve performance - lib\screens\main_screen.dart:117:31 - prefer_const_constructors
   info - Use 'const' with the constructor to improve performance - lib\screens\main_screen.dart:118:42 - prefer_const_constructors
   info - 'withOpacity' is deprecated and shouldn't be used. Use .withValues() to avoid precision loss - lib\screens\main_screen.dart:167:71 - deprecated_member_use
   info - 'withOpacity' is deprecated and shouldn't be used. Use .withValues() to avoid precision loss - lib\screens\main_screen.dart:212:37 - deprecated_member_use
   info - 'withOpacity' is deprecated and shouldn't be used. Use .withValues() to avoid precision loss - lib\screens\main_screen.dart:291:36 - deprecated_member_use
warning - The value of the local variable 'isDarkMode' isn't used - lib\screens\main_screen.dart:313:9 - unused_local_variable
   info - 'withOpacity' is deprecated and shouldn't be used. Use .withValues() to avoid precision loss - lib\screens\main_screen.dart:792:69 - deprecated_member_use
   info - 'withOpacity' is deprecated and shouldn't be used. Use .withValues() to avoid precision loss - lib\screens\main_screen.dart:793:79 - deprecated_member_use
   info - 'withOpacity' is deprecated and shouldn't be used. Use .withValues() to avoid precision loss - lib\screens\main_screen.dart:953:54 - deprecated_member_use
   info - 'withOpacity' is deprecated and shouldn't be used. Use .withValues() to avoid precision loss - lib\screens\main_screen.dart:956:56 - deprecated_member_use
   info - 'withOpacity' is deprecated and shouldn't be used. Use .withValues() to avoid precision loss - lib\screens\main_screen.dart:1033:54 - deprecated_member_use
   info - 'withOpacity' is deprecated and shouldn't be used. Use .withValues() to avoid precision loss - lib\screens\main_screen.dart:1199:28 - deprecated_member_use
   info - 'withOpacity' is deprecated and shouldn't be used. Use .withValues() to avoid precision loss - lib\screens\main_screen.dart:1201:30 - deprecated_member_use
   info - 'withOpacity' is deprecated and shouldn't be used. Use .withValues() to avoid precision loss - lib\screens\main_screen.dart:1260:24 - deprecated_member_use
   info - 'withOpacity' is deprecated and shouldn't be used. Use .withValues() to avoid precision loss - lib\screens\main_screen.dart:1262:43 - deprecated_member_use
   info - 'surfaceVariant' is deprecated and shouldn't be used. Use surfaceContainerHighest instead. This feature was deprecated after v3.18.0-0.1.pre - lib\screens\main_screen.dart:1332:52 - deprecated_member_use
   info - 'withOpacity' is deprecated and shouldn't be used. Use .withValues() to avoid precision loss - lib\screens\main_screen.dart:1332:67 - deprecated_member_use
   info - 'withOpacity' is deprecated and shouldn't be used. Use .withValues() to avoid precision loss - lib\screens\main_screen.dart:1338:62 - deprecated_member_use
   info - 'withOpacity' is deprecated and shouldn't be used. Use .withValues() to avoid precision loss - lib\screens\main_screen.dart:1392:63 - deprecated_member_use
   info - Use 'const' with the constructor to improve performance - lib\screens\settings_screen.dart:23:11 - prefer_const_constructors
   info - 'activeColor' is deprecated and shouldn't be used. Use activeThumbColor instead. This feature was deprecated after v3.31.0-2.0.pre - lib\screens\settings_screen.dart:41:13 - deprecated_member_use
   info - 'activeColor' is deprecated and shouldn't be used. Use activeThumbColor instead. This feature was deprecated after v3.31.0-2.0.pre - lib\screens\settings_screen.dart:49:13 - deprecated_member_use
   info - Use 'const' with the constructor to improve performance - lib\screens\settings_screen.dart:53:11 - prefer_const_constructors
  error - Classes can only extend other classes - lib\screens\splash_screen.dart:3:28 - extends_non_class
  error - No associated named super constructor parameter - lib\screens\splash_screen.dart:4:29 - super_formal_parameter_without_associated_named
  error - Undefined class 'State' - lib\screens\splash_screen.dart:7:3 - undefined_class
warning - The method doesn't override an inherited method - lib\screens\splash_screen.dart:7:23 - override_on_non_overriding_member
  error - Mixin can only be applied to class - lib\screens\splash_screen.dart:10:34 - mixin_with_non_class_superclass
  error - Classes can only mix in mixins and classes - lib\screens\splash_screen.dart:10:59 - mixin_of_non_class
  error - Undefined class 'AnimationController' - lib\screens\splash_screen.dart:11:8 - undefined_class
  error - Undefined class 'Animation' - lib\screens\splash_screen.dart:12:8 - undefined_class
  error - Undefined class 'Animation' - lib\screens\splash_screen.dart:13:8 - undefined_class
  error - Undefined class 'Animation' - lib\screens\splash_screen.dart:14:8 - undefined_class
  error - The name 'Offset' isn't a type, so it can't be used as a type argument - lib\screens\splash_screen.dart:14:18 - non_type_as_type_argument
warning - The method doesn't override an inherited method - lib\screens\splash_screen.dart:17:8 - override_on_non_overriding_member
  error - The method 'initState' isn't defined in a superclass of '_SplashScreenState' - lib\screens\splash_screen.dart:18:11 - undefined_super_member
  error - The method 'AnimationController' isn't defined for the type '_SplashScreenState' - lib\screens\splash_screen.dart:20:19 - undefined_method
  error - The method 'Tween' isn't defined for the type '_SplashScreenState' - lib\screens\splash_screen.dart:25:22 - undefined_method
  error - The method 'CurvedAnimation' isn't defined for the type '_SplashScreenState' - lib\screens\splash_screen.dart:26:7 - undefined_method
  error - The name 'Interval' isn't a class - lib\screens\splash_screen.dart:28:22 - creation_with_non_type
  error - Undefined name 'Curves' - lib\screens\splash_screen.dart:28:48 - undefined_identifier
  error - The method 'Tween' isn't defined for the type '_SplashScreenState' - lib\screens\splash_screen.dart:32:23 - undefined_method
  error - The method 'CurvedAnimation' isn't defined for the type '_SplashScreenState' - lib\screens\splash_screen.dart:33:7 - undefined_method
  error - The name 'Interval' isn't a class - lib\screens\splash_screen.dart:35:22 - creation_with_non_type
  error - Undefined name 'Curves' - lib\screens\splash_screen.dart:35:48 - undefined_identifier
  error - The method 'Tween' isn't defined for the type '_SplashScreenState' - lib\screens\splash_screen.dart:39:23 - undefined_method
  error - The name 'Offset' isn't a type, so it can't be used as a type argument - lib\screens\splash_screen.dart:39:29 - non_type_as_type_argument
  error - The name 'Offset' isn't a class - lib\screens\splash_screen.dart:40:20 - creation_with_non_type
  error - Undefined name 'Offset' - lib\screens\splash_screen.dart:41:12 - undefined_identifier
  error - The method 'CurvedAnimation' isn't defined for the type '_SplashScreenState' - lib\screens\splash_screen.dart:43:7 - undefined_method
  error - The name 'Interval' isn't a class - lib\screens\splash_screen.dart:45:22 - creation_with_non_type
  error - Undefined name 'Curves' - lib\screens\splash_screen.dart:45:48 - undefined_identifier
  error - Undefined name 'mounted' - lib\screens\splash_screen.dart:52:11 - undefined_identifier
  error - Undefined name 'context' - lib\screens\splash_screen.dart:53:9 - undefined_identifier
warning - The method doesn't override an inherited method - lib\screens\splash_screen.dart:59:8 - override_on_non_overriding_member
  error - The method 'dispose' isn't defined in a superclass of '_SplashScreenState' - lib\screens\splash_screen.dart:61:11 - undefined_super_member
  error - Undefined class 'Widget' - lib\screens\splash_screen.dart:65:3 - undefined_class
warning - The method doesn't override an inherited method - lib\screens\splash_screen.dart:65:10 - override_on_non_overriding_member
  error - Undefined class 'BuildContext' - lib\screens\splash_screen.dart:65:16 - undefined_class
  error - Undefined name 'Theme' - lib\screens\splash_screen.dart:66:29 - undefined_identifier
  error - Undefined name 'Brightness' - lib\screens\splash_screen.dart:66:61 - undefined_identifier
  error - The method 'Scaffold' isn't defined for the type '_SplashScreenState' - lib\screens\splash_screen.dart:68:12 - undefined_method
  error - The name 'Color' isn't a class - lib\screens\splash_screen.dart:69:43 - creation_with_non_type
  error - Undefined name 'Colors' - lib\screens\splash_screen.dart:69:63 - undefined_identifier
  error - The method 'Container' isn't defined for the type '_SplashScreenState' - lib\screens\splash_screen.dart:70:13 - undefined_method
  error - The method 'BoxDecoration' isn't defined for the type '_SplashScreenState' - lib\screens\splash_screen.dart:71:21 - undefined_method
  error - The name 'LinearGradient' isn't a class - lib\screens\splash_screen.dart:73:23 - creation_with_non_type
  error - Undefined name 'Alignment' - lib\screens\splash_screen.dart:74:26 - undefined_identifier
  error - Undefined name 'Alignment' - lib\screens\splash_screen.dart:75:24 - undefined_identifier
  error - The method 'Color' isn't defined for the type '_SplashScreenState' - lib\screens\splash_screen.dart:77:21 - undefined_method
  error - The method 'Color' isn't defined for the type '_SplashScreenState' - lib\screens\splash_screen.dart:78:21 - undefined_method
  error - The name 'LinearGradient' isn't a class - lib\screens\splash_screen.dart:81:23 - creation_with_non_type
  error - Undefined name 'Alignment' - lib\screens\splash_screen.dart:82:26 - undefined_identifier
  error - Undefined name 'Alignment' - lib\screens\splash_screen.dart:83:24 - undefined_identifier
  error - The method 'Color' isn't defined for the type '_SplashScreenState' - lib\screens\splash_screen.dart:85:21 - undefined_method
  error - Undefined name 'Colors' - lib\screens\splash_screen.dart:86:21 - undefined_identifier
  error - The method 'Center' isn't defined for the type '_SplashScreenState' - lib\screens\splash_screen.dart:90:16 - undefined_method
  error - The method 'Column' isn't defined for the type '_SplashScreenState' - lib\screens\splash_screen.dart:91:18 - undefined_method
  error - Undefined name 'MainAxisAlignment' - lib\screens\splash_screen.dart:92:32 - undefined_identifier
  error - The method 'FadeTransition' isn't defined for the type '_SplashScreenState' - lib\screens\splash_screen.dart:95:15 - undefined_method
  error - The method 'ScaleTransition' isn't defined for the type '_SplashScreenState' - lib\screens\splash_screen.dart:97:24 - undefined_method
  error - The method 'Container' isn't defined for the type '_SplashScreenState' - lib\screens\splash_screen.dart:99:26 - undefined_method
  error - The method 'BoxDecoration' isn't defined for the type '_SplashScreenState' - lib\screens\splash_screen.dart:102:33 - undefined_method
  error - The name 'LinearGradient' isn't a class - lib\screens\splash_screen.dart:103:39 - creation_with_non_type
  error - Undefined name 'Alignment' - lib\screens\splash_screen.dart:104:32 - undefined_identifier
  error - Undefined name 'Alignment' - lib\screens\splash_screen.dart:105:30 - undefined_identifier
  error - The method 'Color' isn't defined for the type '_SplashScreenState' - lib\screens\splash_screen.dart:107:27 - undefined_method
  error - The method 'Color' isn't defined for the type '_SplashScreenState' - lib\screens\splash_screen.dart:108:27 - undefined_method
  error - Undefined name 'BorderRadius' - lib\screens\splash_screen.dart:111:37 - undefined_identifier
  error - The method 'BoxShadow' isn't defined for the type '_SplashScreenState' - lib\screens\splash_screen.dart:113:25 - undefined_method
  error - The name 'Color' isn't a class - lib\screens\splash_screen.dart:114:40 - creation_with_non_type
  error - The name 'Offset' isn't a class - lib\screens\splash_screen.dart:117:41 - creation_with_non_type
  error - The name 'Icon' isn't a class - lib\screens\splash_screen.dart:121:34 - creation_with_non_type
  error - Undefined name 'Icons' - lib\screens\splash_screen.dart:122:23 - undefined_identifier
  error - Undefined name 'Colors' - lib\screens\splash_screen.dart:124:30 - undefined_identifier
  error - The name 'SizedBox' isn't a class - lib\screens\splash_screen.dart:130:21 - creation_with_non_type
  error - The method 'SlideTransition' isn't defined for the type '_SplashScreenState' - lib\screens\splash_screen.dart:133:15 - undefined_method
  error - The method 'FadeTransition' isn't defined for the type '_SplashScreenState' - lib\screens\splash_screen.dart:135:24 - undefined_method
  error - The method 'Text' isn't defined for the type '_SplashScreenState' - lib\screens\splash_screen.dart:137:26 - undefined_method
  error - The method 'TextStyle' isn't defined for the type '_SplashScreenState' - lib\screens\splash_screen.dart:139:28 - undefined_method
  error - Undefined name 'FontWeight' - lib\screens\splash_screen.dart:141:35 - undefined_identifier
  error - Undefined name 'Colors' - lib\screens\splash_screen.dart:142:43 - undefined_identifier
  error - The name 'Color' isn't a class - lib\screens\splash_screen.dart:142:64 - creation_with_non_type
  error - The name 'SizedBox' isn't a class - lib\screens\splash_screen.dart:149:21 - creation_with_non_type
  error - The method 'FadeTransition' isn't defined for the type '_SplashScreenState' - lib\screens\splash_screen.dart:152:15 - undefined_method
  error - The method 'Tween' isn't defined for the type '_SplashScreenState' - lib\screens\splash_screen.dart:153:26 - undefined_method
  error - The method 'CurvedAnimation' isn't defined for the type '_SplashScreenState' - lib\screens\splash_screen.dart:154:19 - undefined_method
  error - The name 'Interval' isn't a class - lib\screens\splash_screen.dart:156:34 - creation_with_non_type
  error - Undefined name 'Curves' - lib\screens\splash_screen.dart:156:60 - undefined_identifier
  error - The method 'Text' isn't defined for the type '_SplashScreenState' - lib\screens\splash_screen.dart:159:24 - undefined_method
  error - The method 'TextStyle' isn't defined for the type '_SplashScreenState' - lib\screens\splash_screen.dart:161:26 - undefined_method
  error - Undefined name 'Colors' - lib\screens\splash_screen.dart:163:41 - undefined_identifier
  error - The name 'Color' isn't a class - lib\screens\splash_screen.dart:163:66 - creation_with_non_type
  error - The name 'SizedBox' isn't a class - lib\screens\splash_screen.dart:169:21 - creation_with_non_type
  error - The method 'FadeTransition' isn't defined for the type '_SplashScreenState' - lib\screens\splash_screen.dart:172:15 - undefined_method
  error - The method 'Tween' isn't defined for the type '_SplashScreenState' - lib\screens\splash_screen.dart:173:26 - undefined_method
  error - The method 'CurvedAnimation' isn't defined for the type '_SplashScreenState' - lib\screens\splash_screen.dart:174:19 - undefined_method
  error - The name 'Interval' isn't a class - lib\screens\splash_screen.dart:176:34 - creation_with_non_type
  error - Undefined name 'Curves' - lib\screens\splash_screen.dart:176:60 - undefined_identifier
  error - The method 'SizedBox' isn't defined for the type '_SplashScreenState' - lib\screens\splash_screen.dart:179:24 - undefined_method
  error - The method 'CircularProgressIndicator' isn't defined for the type '_SplashScreenState' - lib\screens\splash_screen.dart:182:26 - undefined_method
  error - The method 'AlwaysStoppedAnimation' isn't defined for the type '_SplashScreenState' - lib\screens\splash_screen.dart:184:33 - undefined_method
  error - The name 'Color' isn't a type, so it can't be used as a type argument - lib\screens\splash_screen.dart:184:56 - non_type_as_type_argument
  error - The name 'Color' isn't a class - lib\screens\splash_screen.dart:185:29 - creation_with_non_type
  error - The name 'SizedBox' isn't a class - lib\screens\splash_screen.dart:191:21 - creation_with_non_type
  error - The method 'FadeTransition' isn't defined for the type '_SplashScreenState' - lib\screens\splash_screen.dart:194:15 - undefined_method
  error - The method 'Tween' isn't defined for the type '_SplashScreenState' - lib\screens\splash_screen.dart:195:26 - undefined_method
  error - The method 'CurvedAnimation' isn't defined for the type '_SplashScreenState' - lib\screens\splash_screen.dart:196:19 - undefined_method
  error - The name 'Interval' isn't a class - lib\screens\splash_screen.dart:198:34 - creation_with_non_type
  error - Undefined name 'Curves' - lib\screens\splash_screen.dart:198:60 - undefined_identifier
  error - The method 'Column' isn't defined for the type '_SplashScreenState' - lib\screens\splash_screen.dart:201:24 - undefined_method
  error - The method 'Text' isn't defined for the type '_SplashScreenState' - lib\screens\splash_screen.dart:203:21 - undefined_method
  error - The method 'TextStyle' isn't defined for the type '_SplashScreenState' - lib\screens\splash_screen.dart:205:30 - undefined_method
  error - Undefined name 'Colors' - lib\screens\splash_screen.dart:207:45 - undefined_identifier
  error - The name 'Color' isn't a class - lib\screens\splash_screen.dart:207:70 - creation_with_non_type
  error - The name 'SizedBox' isn't a class - lib\screens\splash_screen.dart:210:27 - creation_with_non_type
  error - The method 'Text' isn't defined for the type '_SplashScreenState' - lib\screens\splash_screen.dart:211:21 - undefined_method
  error - The method 'TextStyle' isn't defined for the type '_SplashScreenState' - lib\screens\splash_screen.dart:213:30 - undefined_method
  error - Undefined name 'Colors' - lib\screens\splash_screen.dart:215:45 - undefined_identifier
  error - The name 'Color' isn't a class - lib\screens\splash_screen.dart:215:70 - creation_with_non_type
  error - The name 'SizedBox' isn't a class - lib\screens\splash_screen.dart:218:27 - creation_with_non_type
  error - The method 'Row' isn't defined for the type '_SplashScreenState' - lib\screens\splash_screen.dart:219:21 - undefined_method
  error - Undefined name 'MainAxisAlignment' - lib\screens\splash_screen.dart:220:42 - undefined_identifier
  error - The method 'Container' isn't defined for the type '_SplashScreenState' - lib\screens\splash_screen.dart:222:25 - undefined_method
  error - Undefined name 'EdgeInsets' - lib\screens\splash_screen.dart:223:42 - undefined_identifier
  error - The method 'BoxDecoration' isn't defined for the type '_SplashScreenState' - lib\screens\splash_screen.dart:227:39 - undefined_method
  error - The name 'Color' isn't a class - lib\screens\splash_screen.dart:228:42 - creation_with_non_type
  error - Undefined name 'BorderRadius' - lib\screens\splash_screen.dart:229:43 - undefined_identifier
  error - Undefined name 'Border' - lib\screens\splash_screen.dart:230:37 - undefined_identifier
  error - The name 'Color' isn't a class - lib\screens\splash_screen.dart:231:44 - creation_with_non_type
  error - The method 'Text' isn't defined for the type '_SplashScreenState' - lib\screens\splash_screen.dart:235:34 - undefined_method
  error - The method 'TextStyle' isn't defined for the type '_SplashScreenState' - lib\screens\splash_screen.dart:237:36 - undefined_method
  error - Undefined name 'FontWeight' - lib\screens\splash_screen.dart:239:43 - undefined_identifier
  error - The name 'Color' isn't a class - lib\screens\splash_screen.dart:240:57 - creation_with_non_type
  error - The name 'Color' isn't a class - lib\screens\splash_screen.dart:240:83 - creation_with_non_type
  error - The name 'SizedBox' isn't a class - lib\screens\splash_screen.dart:244:31 - creation_with_non_type
  error - The method 'Container' isn't defined for the type '_SplashScreenState' - lib\screens\splash_screen.dart:245:25 - undefined_method
  error - Undefined name 'EdgeInsets' - lib\screens\splash_screen.dart:246:42 - undefined_identifier
  error - The method 'BoxDecoration' isn't defined for the type '_SplashScreenState' - lib\screens\splash_screen.dart:250:39 - undefined_method
  error - The name 'Color' isn't a class - lib\screens\splash_screen.dart:251:42 - creation_with_non_type
  error - Undefined name 'BorderRadius' - lib\screens\splash_screen.dart:252:43 - undefined_identifier
  error - Undefined name 'Border' - lib\screens\splash_screen.dart:253:37 - undefined_identifier
  error - The name 'Color' isn't a class - lib\screens\splash_screen.dart:254:44 - creation_with_non_type
  error - The method 'Text' isn't defined for the type '_SplashScreenState' - lib\screens\splash_screen.dart:258:34 - undefined_method
  error - The method 'TextStyle' isn't defined for the type '_SplashScreenState' - lib\screens\splash_screen.dart:260:36 - undefined_method
  error - Undefined name 'FontWeight' - lib\screens\splash_screen.dart:262:43 - undefined_identifier
  error - The name 'Color' isn't a class - lib\screens\splash_screen.dart:263:57 - creation_with_non_type
  error - The name 'Color' isn't a class - lib\screens\splash_screen.dart:263:83 - creation_with_non_type
   info - The private field _completedToday could be 'final' - lib\services\task_service.dart:12:16 - prefer_final_fields
   info - The 'if' statement could be replaced by a null-aware assignment - lib\services\task_service.dart:148:5 - prefer_conditional_assignment
   info - 'background' is deprecated and shouldn't be used. Use surface instead. This feature was deprecated after v3.18.0-0.1.pre - lib\theme.dart:11:9 - deprecated_member_use
   info - 'onBackground' is deprecated and shouldn't be used. Use onSurface instead. This feature was deprecated after v3.18.0-0.1.pre - lib\theme.dart:16:9 - deprecated_member_use
   info - 'background' is deprecated and shouldn't be used. Use surface instead. This feature was deprecated after v3.18.0-0.1.pre - lib\theme.dart:241:9 - deprecated_member_use
   info - 'onBackground' is deprecated and shouldn't be used. Use onSurface instead. This feature was deprecated after v3.18.0-0.1.pre - lib\theme.dart:246:9 - deprecated_member_use

